// Jest Snapshot v1, https://goo.gl/fbAQLP

exports[`renders 1`] = `
<View>
  <View
    component={[Function]}
    title="Today"
  />
  <View
    component={[Function]}
    getTitle={[Function]}
  />
</View>
`;
